../Core/Src/main.c:73:5:_write	24	static
../Core/Src/main.c:84:5:main	16	static
../Core/Src/main.c:149:6:SystemClock_Config	88	static
../Core/Src/main.c:196:13:MX_TIM1_Init	32	static
../Core/Src/main.c:242:13:MX_TIM2_Init	64	static
../Core/Src/main.c:301:13:MX_TIM3_Init	64	static
../Core/Src/main.c:360:13:MX_USART2_UART_Init	8	static
../Core/Src/main.c:393:13:MX_GPIO_Init	40	static
../Core/Src/main.c:435:6:vRedLEDTask	16	static
../Core/Src/main.c:451:6:vServoMotorTask	16	static
../Core/Src/main.c:473:6:Error_Handler	4	static,ignoring_inline_asm
